//generated by Postman
1 php -S localhost:8888 -t public public/index.php or composer start; then sudo /opt/lampp/lampp startmysql
2 curl -X POST -d "name=superadmin&pwd=123456"  http://localhost:8888/users/login
3 curl -X GET http://localhost:8888/api3 \
    -H 'authorization: Bearer eyJ0eXAiOiJKV1QiLCJhbGciOiJIUzI1NiJ9.eyJpYXQiOjE1MTY3ODY0NDEsImp0aSI6IjZYRTFvaWVIZUFqa1NyUlphM1lBMDNQd3hTUFoybTh2MmdkSE9LVm5RNnc9IiwiaXNzIjoiZGV2IiwibmJmIjoxNTE2Nzg2NDQyLCJleHAiOjE1MTY3OTI0NDIsImRhdGEiOnsidXNlcklkIjo5MjEsInVzZXJOYW1lIjoiZGVtb3VzZXIifX0.Cb4B_9dqgkWPsQjXC7lE7NnAXjKjuyaIsF3g9_dZe6M' \
    -H 'cache-control: no-cache'
4 curl  http://localhost:8888/api4 -d "query=query<html><body><p style='color:red'>ssss</p></body></html>&allow_html=1"    -H 'authorization: Bearer eyJ0eXAiOiJKV1QiLCJhbGciOiJIUzI1NiJ9.eyJpYXQiOjE1MTk2MzIwNjksImp0aSI6ImVjQlZFZWczcjFBMENKaHdmSStBWWdyTEs2S1BZVXh6RjVhbFM2bnpsYzQ9IiwiaXNzIjoiZGV2IiwibmJmIjoxNTE5NjMyMDcwLCJleHAiOjE1MTk2MzgwNzAsImRhdGEiOnsidXNlcklkIjoiMyIsInVzZXJOYW1lIjoiXHU4ZDg1XHU3ZWE3XHU3YmExXHU3NDA2XHU1NDU4In19.eQACSOpZg0Ps1fYK-m8lEUnK-nSrs5BVnJk4qNnbHY8'     -H 'cache-control: no-cache'
5 ab test: ab -n 5000 -c 50 -k -T 'application/x-www-form-urlencoded' -p ./tests/ab.txt http://localhost:8888/admin/system/users/login